// Jest Snapshot v1, https://goo.gl/fbAQLP

exports[`RepoInfoRow renders correctly 1`] = `
<div
  className="repository-details-modal-info-row"
>
  <div
    style={
      Object {
        "alignItems": "center",
        "display": "flex",
      }
    }
  >
    <div
      className="dot"
      style={
        Object {
          "backgroundColor": undefined,
        }
      }
    />
    <div
      id="language"
    >
      javascript
    </div>
  </div>
  <div
    style={
      Object {
        "alignItems": "center",
        "display": "flex",
      }
    }
  >
    <svg
      aria-hidden="true"
      className="icon"
      dangerouslySetInnerHTML={
        Object {
          "__html": "<path fill-rule=\\"evenodd\\" d=\\"M8 .25a.75.75 0 01.673.418l1.882 3.815 4.21.612a.75.75 0 01.416 1.279l-3.046 2.97.719 4.192a.75.75 0 01-1.088.791L8 12.347l-3.766 1.98a.75.75 0 01-1.088-.79l.72-4.194L.818 6.374a.75.75 0 01.416-1.28l4.21-.611L7.327.668A.75.75 0 018 .25zm0 2.445L6.615 5.5a.75.75 0 01-.564.41l-3.097.45 2.24 2.184a.75.75 0 01.216.664l-.528 3.084 2.769-1.456a.75.75 0 01.698 0l2.77 1.456-.53-3.084a.75.75 0 01.216-.664l2.24-2.183-3.096-.45a.75.75 0 01-.564-.41L8 2.694v.001z\\"></path>",
        }
      }
      fill="currentColor"
      height={16}
      role="img"
      style={
        Object {
          "display": "inline-block",
          "userSelect": "none",
          "verticalAlign": "text-bottom",
        }
      }
      viewBox="0 0 16 16"
      width={16}
    />
    <div
      id="stargazers_count"
    >
      1
    </div>
  </div>
  <div
    style={
      Object {
        "alignItems": "center",
        "display": "flex",
      }
    }
  >
    <svg
      aria-hidden="true"
      className="icon"
      dangerouslySetInnerHTML={
        Object {
          "__html": "<path fill-rule=\\"evenodd\\" d=\\"M12 21a1.75 1.75 0 110-3.5 1.75 1.75 0 010 3.5zm-3.25-1.75a3.25 3.25 0 106.5 0 3.25 3.25 0 00-6.5 0zm-3-12.75a1.75 1.75 0 110-3.5 1.75 1.75 0 010 3.5zM2.5 4.75a3.25 3.25 0 106.5 0 3.25 3.25 0 00-6.5 0zM18.25 6.5a1.75 1.75 0 110-3.5 1.75 1.75 0 010 3.5zM15 4.75a3.25 3.25 0 106.5 0 3.25 3.25 0 00-6.5 0z\\"></path><path fill-rule=\\"evenodd\\" d=\\"M6.5 7.75v1A2.25 2.25 0 008.75 11h6.5a2.25 2.25 0 002.25-2.25v-1H19v1a3.75 3.75 0 01-3.75 3.75h-6.5A3.75 3.75 0 015 8.75v-1h1.5z\\"></path><path fill-rule=\\"evenodd\\" d=\\"M11.25 16.25v-5h1.5v5h-1.5z\\"></path>",
        }
      }
      fill="currentColor"
      height={16}
      role="img"
      style={
        Object {
          "display": "inline-block",
          "userSelect": "none",
          "verticalAlign": "text-bottom",
        }
      }
      viewBox="0 0 24 24"
      width={16}
    />
    <div
      id="forks"
    >
      2
    </div>
  </div>
</div>
`;
